// Jest Snapshot v1, https://goo.gl/fbAQLP

exports[`<ButtonWithLoading /> should render button with loading icon 1`] = `
<button
  className="StyledButton-sc-323bzc-0 iyUonS"
  disabled={true}
  onBlur={[Function]}
  onFocus={[Function]}
  onMouseOut={[Function]}
  onMouseOver={[Function]}
  type="button"
>
  <svg
    fill="#7D4CDB"
    height={28}
    version="1.1"
    viewBox="0 0 32 32"
    width={28}
  >
    <path
      d="M16 0 A16 16 0 0 0 16 32 A16 16 0 0 0 16 0 M16 4 A12 12 0 0 1 16 28 A12 12 0 0 1 16 4"
      opacity=".25"
    />
    <path
      d="M16 0 A16 16 0 0 1 32 16 L28 16 A12 12 0 0 0 16 4z"
    >
      <animateTransform
        attributeName="transform"
        dur="0.8s"
        from="0 16 16"
        repeatCount="indefinite"
        to="360 16 16"
        type="rotate"
      />
    </path>
  </svg>
</button>
`;

exports[`<ButtonWithLoading /> should render plain button 1`] = `
<button
  className="StyledButton-sc-323bzc-0 iZFCLM"
  disabled={false}
  onBlur={[Function]}
  onFocus={[Function]}
  onMouseOut={[Function]}
  onMouseOver={[Function]}
  type="button"
/>
`;
