// Jest Snapshot v1, https://goo.gl/fbAQLP

exports[`<Container /> should render content 1`] = `
<div
  className="container"
>
  some content
</div>
`;
