// Jest Snapshot v1, https://goo.gl/fbAQLP

exports[`<LoadingOverlay /> should render content 1`] = `
<div
  className="loading-overlay"
>
  <div
    className="loading-overlay__children"
  >
    some content
  </div>
</div>
`;

exports[`<LoadingOverlay /> should render content with overlay 1`] = `
<div
  className="loading-overlay loading-overlay_show"
>
  <div
    className="loading-overlay__children"
  >
    some content with loading overlay
  </div>
  <div
    className="loading-overlay__layer"
  >
    <svg
      fill="#7D4CDB"
      height={28}
      version="1.1"
      viewBox="0 0 32 32"
      width={28}
    >
      <path
        d="M16 0 A16 16 0 0 0 16 32 A16 16 0 0 0 16 0 M16 4 A12 12 0 0 1 16 28 A12 12 0 0 1 16 4"
        opacity=".25"
      />
      <path
        d="M16 0 A16 16 0 0 1 32 16 L28 16 A12 12 0 0 0 16 4z"
      >
        <animateTransform
          attributeName="transform"
          dur="0.8s"
          from="0 16 16"
          repeatCount="indefinite"
          to="360 16 16"
          type="rotate"
        />
      </path>
    </svg>
  </div>
</div>
`;
