// Jest Snapshot v1, https://goo.gl/fbAQLP

exports[`<Spinner /> should render 1`] = `
<svg
  fill="#ffffff"
  height={128}
  version="1.1"
  viewBox="0 0 32 32"
  width={128}
>
  <path
    d="M16 0 A16 16 0 0 0 16 32 A16 16 0 0 0 16 0 M16 4 A12 12 0 0 1 16 28 A12 12 0 0 1 16 4"
    opacity=".25"
  />
  <path
    d="M16 0 A16 16 0 0 1 32 16 L28 16 A12 12 0 0 0 16 4z"
  >
    <animateTransform
      attributeName="transform"
      dur="0.8s"
      from="0 16 16"
      repeatCount="indefinite"
      to="360 16 16"
      type="rotate"
    />
  </path>
</svg>
`;
